CRE001                   CRE001                                             OC/1068458                                                                                                                                                                                                                      OC/1068458               ECLA_PE_FOUR             ECLA                     Lettrage                 10  F7  OC F7          20210701ECLA1068458  478500  0000000000000000000000000000DEURVIR SADE - COMPAGNIE GENERALE DEECLAGVIRIGS1623                                     202107014     00000000000000                                                       CLNT          00000000000000                                                                                     DGK487                          1068458                         MANUAL                                                                                                             
CRE001                   CRE001                                             OC/1068458                                                                                                                                                                                                                      OC/1068458               ECLA_PE_FOUR             ECLA                     Lettrage                 20  F7  OC F7          20210701F7FA083635   411420  0000000000000000000000000000CEURVIR SADE - COMPAGNIE GENERALE DEECLAGVIRF7181224                                    202107014     00000000000000                        F7FAJA                                       00000000000000                                                                                     DGK487                          1068458                         MANUAL                                                                                                             
