CRE003                   CRE003                                             A050021716                                                                                                                                                                                                                      A050021716               FACTURE                  CLEAR                    mouvement_vente          10  A0  V2 A0  2021060820210608A050021716   708852  0000000000000000005235197100CEURFA/A050021716/SUEZ EAU FRANCE PBFACTFACTA0500679A06041      7870                    202106081V25  00000000000000            9999        A050SI  Information non c      CLNT          00000000000000                                                                                                                                                                                                                                                                        
CRE003                   CRE003                                             A050021716                                                                                                                                                                                                                      A050021716               FACTURE                  CLEAR                    mouvement_vente          20  A0  V2 A0  2021060820210608A050021716   445725  0000000000000000001047039400CEURFA/A050021716/SUEZ EAU FRANCE PBFACTFACTA0500679                                    202106082V25  00005235197100                        A050SI  Information non c      CLNT          00000000000000                                                                                                                                                                                                                                                                        
